✔ artifact manifest rejects a header-only zero-entry set (219.888ms)
✔ artifact manifest rejects a missing required entry (217.5285ms)
✔ artifact manifest rejects an extra entry (219.3406ms)
✔ artifact manifest rejects a duplicate entry (403.5221ms)
✔ artifact manifest rejects dot-segment traversal outside the evidence namespace (261.2655ms)
✔ artifact manifest rejects a non-canonical dot-segment alias (210.5878ms)
▶ artifact manifest rejects absolute and backslash-separated paths
  ✔ absolute path (223.0607ms)
  ✔ backslash-separated path (249.8671ms)
✔ artifact manifest rejects absolute and backslash-separated paths (473.3417ms)
▶ contract rejects unsupported checkout-equivalence policy values
  ✔ bare_cr (963.0427ms)
  ✔ transform (977.858ms)
  ✔ required_result (959.2091ms)
✔ contract rejects unsupported checkout-equivalence policy values (2900.3876ms)
▶ contract rejects unknown schema keys
  ✔ top-level (1056.6354ms)
  ✔ representation (945.0011ms)
  ✔ checkout-equivalence (1036.3399ms)
  ✔ entry (979.4867ms)
✔ contract rejects unknown schema keys (4018.3135ms)
ℹ tests 18
ℹ suites 0
ℹ pass 18
ℹ fail 0
ℹ cancelled 0
ℹ skipped 0
ℹ todo 0
ℹ duration_ms 9110.0766
ℹ start of coverage report
ℹ -----------------------------------------------------------------------------------------------------------------------------------------------------------------------------------------------------------------------------------------------------------------------------------------------------------------------------------------------------------------------------------------------------
ℹ file                                       | line % | branch % | funcs % | uncovered lines
ℹ -----------------------------------------------------------------------------------------------------------------------------------------------------------------------------------------------------------------------------------------------------------------------------------------------------------------------------------------------------------------------------------------------------
ℹ .agent                                     |        |          |         |
ℹ  reports                                   |        |          |         |
ℹ   evidence                                 |        |          |         |
ℹ    production-ready                        |        |          |         |
ℹ     db-embedding-stats-evidence-transport  |        |          |         |
ℹ      verify-manifest.cjs                   |  84.46 |    50.38 |  100.00 | 74-76 87-88 90-94 117-119 123-124 139-140 153-154 159-160 164-165 186-188 192-193 206-208 259-260 262-263 273-274 276-277 303-305 322-323 325-326 328-329 333-334 350-351 362-363 378-379 381-382 384-385 387-388 390-391 424-432 507-508 510-511 513-514 516-517 519-520 522-523 525-526 529-530 537-538 602-608 648-650
ℹ      verify-manifest.test.cjs              | 100.00 |    97.10 |  100.00 |
ℹ -----------------------------------------------------------------------------------------------------------------------------------------------------------------------------------------------------------------------------------------------------------------------------------------------------------------------------------------------------------------------------------------------------
ℹ all files                                  |  89.10 |    66.50 |  100.00 |
ℹ -----------------------------------------------------------------------------------------------------------------------------------------------------------------------------------------------------------------------------------------------------------------------------------------------------------------------------------------------------------------------------------------------------
ℹ end of coverage report
