✔ artifact manifest rejects a header-only zero-entry set (239.2793ms)
✔ artifact manifest rejects a missing required entry (262.5874ms)
✔ artifact manifest rejects an extra entry (248.7811ms)
✔ artifact manifest rejects a duplicate entry (284.9805ms)
✔ artifact manifest rejects dot-segment traversal outside the evidence namespace (244.4631ms)
✔ artifact manifest rejects a non-canonical dot-segment alias (251.1357ms)
▶ artifact manifest rejects absolute and backslash-separated paths
  ✔ absolute path (285.4964ms)
  ✔ backslash-separated path (226.2903ms)
✔ artifact manifest rejects absolute and backslash-separated paths (512.133ms)
▶ contract rejects unsupported checkout-equivalence policy values
  ✔ bare_cr (992.5589ms)
  ✔ transform (1061.8701ms)
  ✔ required_result (1045.7829ms)
✔ contract rejects unsupported checkout-equivalence policy values (3100.4902ms)
▶ contract rejects unknown schema keys
  ✔ top-level (986.9021ms)
  ✔ representation (1001.3605ms)
  ✔ checkout-equivalence (993.1817ms)
  ✔ entry (1317.75ms)
✔ contract rejects unknown schema keys (4300.0483ms)
ℹ tests 18
ℹ suites 0
ℹ pass 18
ℹ fail 0
ℹ cancelled 0
ℹ skipped 0
ℹ todo 0
ℹ duration_ms 9586.2176
ℹ start of coverage report
ℹ -----------------------------------------------------------------------------------------------------------------------------------------------------------------------------------------------------------------------------------------------------------------------------------------------------------------------------------------------------------------------------------------------------
ℹ file                                       | line % | branch % | funcs % | uncovered lines
ℹ -----------------------------------------------------------------------------------------------------------------------------------------------------------------------------------------------------------------------------------------------------------------------------------------------------------------------------------------------------------------------------------------------------
ℹ .agent                                     |        |          |         |
ℹ  reports                                   |        |          |         |
ℹ   evidence                                 |        |          |         |
ℹ    production-ready                        |        |          |         |
ℹ     db-embedding-stats-evidence-transport  |        |          |         |
ℹ      verify-manifest.cjs                   |  84.46 |    50.38 |  100.00 | 74-76 87-88 90-94 117-119 123-124 139-140 153-154 159-160 164-165 186-188 192-193 206-208 259-260 262-263 273-274 276-277 303-305 322-323 325-326 328-329 333-334 350-351 362-363 378-379 381-382 384-385 387-388 390-391 424-432 507-508 510-511 513-514 516-517 519-520 522-523 525-526 529-530 537-538 602-608 648-650
ℹ      verify-manifest.test.cjs              | 100.00 |    97.10 |  100.00 |
ℹ -----------------------------------------------------------------------------------------------------------------------------------------------------------------------------------------------------------------------------------------------------------------------------------------------------------------------------------------------------------------------------------------------------
ℹ all files                                  |  89.10 |    66.50 |  100.00 |
ℹ -----------------------------------------------------------------------------------------------------------------------------------------------------------------------------------------------------------------------------------------------------------------------------------------------------------------------------------------------------------------------------------------------------
ℹ end of coverage report
